BEGIN:VCALENDAR
VERSION:2.0
PRODID:Fitness
BEGIN:VEVENT
SUMMARY:1. TAG: Hello 1
DTSTART;VALUE=DATE:20211011
DTEND;VALUE=DATE:20211011
[creation date]
DESCRIPTION:1. TAG: Hello 1\nWorkout 1\n
END:VEVENT
BEGIN:VEVENT
SUMMARY:2. TAG: Hello 2
DTSTART;VALUE=DATE:20211012
DTEND;VALUE=DATE:20211012
[creation date]
DESCRIPTION:2. TAG: Hello 2\nWorkout 2\n
END:VEVENT
BEGIN:VEVENT
SUMMARY:3. TAG: Hello 3
DTSTART;VALUE=DATE:20211013
DTEND;VALUE=DATE:20211013
[creation date]
DESCRIPTION:3. TAG: Hello 3\nWorkout 3
END:VEVENT
END:VCALENDAR
