BEGIN:VCALENDAR
VERSION:2.0
PRODID:Fitness
BEGIN:VEVENT
SUMMARY:Day 1 (Week 1)
DTSTART;VALUE=DATE:20200530
DTEND;VALUE=DATE:20200530
DESCRIPTION:Rest 120 seconds between each set (longer if required)\n\nEasy
 :\nPrerequisites: 3-5 pull-ups\n\n	Set 1: 2\n	Set 2: 1\n	Set 3: 1\n	Set 4:
  2\n	Set 5: 3\n\n\n
END:VEVENT
BEGIN:VEVENT
SUMMARY:Day 2 (Week 1)
DTSTART;VALUE=DATE:20200601
DTEND;VALUE=DATE:20200601
DESCRIPTION:Rest 90 seconds between each set (longer if required)\n\nEasy:
 \nPrerequisites: 3-5 pull-ups\n\n	Set 1: 2\n	Set 2: 2\n	Set 3: 1\n	Set 4: 
 2\n	Set 5: 3\n\n\n
END:VEVENT
BEGIN:VEVENT
SUMMARY:Day 3 (Week 1)
DTSTART;VALUE=DATE:20200603
DTEND;VALUE=DATE:20200603
DESCRIPTION:Rest 120 seconds between each set (longer if required)\n\nEasy
 :\nPrerequisites: 3-5 pull-ups\n\n	Set 1: 2\n	Set 2: 2\n	Set 3: 2\n	Set 4:
  2\n	Set 5: max\n\n\n
END:VEVENT
END:VCALENDAR
