BEGIN:VCALENDAR
VERSION:2.0
PRODID:Fitness
BEGIN:VEVENT
SUMMARY:Push Ups
DTSTART:20200525T060000
DTEND:20200525T060000
[creation date]
DESCRIPTION:Reps: 9\nSets: 4\n1 set sub-maximal\nBreak: 60 s
BEGIN:VALARM
ACTION:DISPLAY
TRIGGER:-PT15M
END:VALARM
END:VEVENT
BEGIN:VEVENT
SUMMARY:Push Ups
DTSTART:20200527T060000
DTEND:20200527T060000
[creation date]
DESCRIPTION:Reps: 10\nSets: 4\n1 set sub-maximal\nBreak: 90 s
BEGIN:VALARM
ACTION:DISPLAY
TRIGGER:-PT15M
END:VALARM
END:VEVENT
BEGIN:VEVENT
SUMMARY:Push Ups
DTSTART:20200529T060000
DTEND:20200529T060000
[creation date]
DESCRIPTION:Reps: 12\nSets: 4\n1 set sub-maximal\nBreak: 120 s
BEGIN:VALARM
ACTION:DISPLAY
TRIGGER:-PT15M
END:VALARM
END:VEVENT
BEGIN:VEVENT
SUMMARY:Push Ups
DTSTART:20200601T060000
DTEND:20200601T060000
[creation date]
DESCRIPTION:Reps: 11\nSets: 4\n1 set sub-maximal\nBreak: 60 s
BEGIN:VALARM
ACTION:DISPLAY
TRIGGER:-PT15M
END:VALARM
END:VEVENT
BEGIN:VEVENT
SUMMARY:Push Ups
DTSTART:20200603T060000
DTEND:20200603T060000
[creation date]
DESCRIPTION:Reps: 13\nSets: 4\n1 set sub-maximal\nBreak: 90 s
BEGIN:VALARM
ACTION:DISPLAY
TRIGGER:-PT15M
END:VALARM
END:VEVENT
BEGIN:VEVENT
SUMMARY:Push Ups
DTSTART:20200605T060000
DTEND:20200605T060000
[creation date]
DESCRIPTION:Reps: 15\nSets: 4\n1 set sub-maximal\nBreak: 120 s
BEGIN:VALARM
ACTION:DISPLAY
TRIGGER:-PT15M
END:VALARM
END:VEVENT
END:VCALENDAR
